r001 36
r002 31
r003 38
r004 14
r005 5
r014 28
r006 32
r007 37
r010 12
r016 24
r011 15
r022 1
r008 16
r015 17
r009 65
r019 8
r027 15
r026 8
r017 14
r020 36
r021 32
r025 21
r018 47
r024 21
r028 8
r023 30
r029 17
r013 23
r012 36
r032 14
r033 30
r036 12
r040 17
r039 20
r030 32
r034 20
r035 18
r042 23
r044 10
r049 4
r037 24
r045 14
r046 21
r043 21
r048 13
r031 23
r054 24
r060 14
r041 79
r055 37
r058 26
r061 23
r047 13
r051 43
r052 21
r059 10
r064 28
r072 1
r065 8
r066 21
r062 8
r063 31
r069 8
r070 13
r073 17
r075 20
r077 22
r071 15
r074 17
r056 16
r078 10
r053 40
r079 15
r050 13
r067 19
r068 22
r088 2
r081 16
r085 8
r087 5
r082 6
r076 27
r080 16
r089 25
r091 22
r086 28
r083 34
r090 12
r057 25
r084 6
r038 44
u004 0
u005 3
u006 1
u007 0
u008 0
u009 0
u001 19
u002 0
u003 4
u010 11
u011 3
u012 0
u013 0
u014 4
u015 0
u031 0
u032 2
u033 1
u016 4
u017 3
u018 1
u022 0
u023 2
u024 0
u019 3
u020 3
u021 5
u025 1
u026 0
u027 4
u028 0
u029 2
u030 1
